[2026-04-22 18:56:26,812][argument.py][line:44][INFO] dataset          : cifar100
[2026-04-22 18:56:26,813][argument.py][line:44][INFO] data_root        : data
[2026-04-22 18:56:26,813][argument.py][line:44][INFO] model_name       : resnet50
[2026-04-22 18:56:26,813][argument.py][line:44][INFO] num_epochs       : 5
[2026-04-22 18:56:26,813][argument.py][line:44][INFO] learning_rate    : 0.001
[2026-04-22 18:56:26,813][argument.py][line:44][INFO] batch_size       : 512
[2026-04-22 18:56:26,813][argument.py][line:44][INFO] optimizer_type   : Adam
[2026-04-22 18:56:26,814][argument.py][line:44][INFO] momentum         : 0.9
[2026-04-22 18:56:26,814][argument.py][line:44][INFO] print_frequency  : 1
[2026-04-22 18:56:26,815][argument.py][line:44][INFO] weight_decay     : 0.0001
[2026-04-22 18:56:26,815][argument.py][line:44][INFO] load_model       : None
[2026-04-22 18:56:26,815][argument.py][line:44][INFO] symbol_size      : 20
[2026-04-22 18:56:26,815][argument.py][line:44][INFO] mlp_layers       : 3
[2026-04-22 18:56:26,816][argument.py][line:44][INFO] hidden_dim       : 100
[2026-04-22 18:56:26,816][argument.py][line:44][INFO] num_classes      : 1000
[2026-04-22 18:56:26,816][argument.py][line:44][INFO] p                : 0.5
[2026-04-22 18:56:26,816][argument.py][line:44][INFO] use_orthg        : False
[2026-04-22 18:56:26,816][argument.py][line:44][INFO] cntrst           : None
[2026-04-22 18:56:26,816][argument.py][line:44][INFO] worst_neg        : False
[2026-04-22 18:56:26,816][argument.py][line:44][INFO] metric           : euclidean
[2026-04-22 18:56:26,816][argument.py][line:44][INFO] fix_fe           : True
[2026-04-22 18:56:26,816][argument.py][line:44][INFO] loss_type        : CrossEntropyLoss
[2026-04-22 18:56:26,817][argument.py][line:44][INFO] use_pretrain     : True
[2026-04-22 18:56:26,817][argument.py][line:44][INFO] bidir            : False
[2026-04-22 18:56:26,817][argument.py][line:44][INFO] fix_ts           : False
[2026-04-22 18:56:26,817][argument.py][line:44][INFO] fix_ts_ca        : False
[2026-04-22 18:56:26,817][argument.py][line:44][INFO] exp_prefix       : None
[2026-04-22 18:56:26,817][argument.py][line:44][INFO] fix_symbol_set   : False
[2026-04-22 18:56:26,817][argument.py][line:44][INFO] symbol_init_type : random
[2026-04-22 18:56:26,818][argument.py][line:44][INFO] custom_symbol_path : None
[2026-04-22 18:56:26,818][argument.py][line:44][INFO] joint_training   : False
[2026-04-22 18:56:26,818][main.py][line:64][INFO] Device is cuda
[2026-04-22 18:56:29,285][main.py][line:73][INFO] length of train is 50000, length of test is 10000
[2026-04-22 18:56:30,086][main.py][line:88][INFO] Symbol set initialized with type: random
[2026-04-22 18:57:43,394][utils.py][line:316][INFO] epoch 1, network phase, loss 0.4065, train acc 0.8182, test acc given symbol 0.9140
[2026-04-22 18:57:43,394][utils.py][line:317][INFO] total time 73.062sec, IO 0.868sec, make batch 1.248sec, forward 3.985sec, backward 0.361sec, grad step 0.172sec, others stat 1.332sec, eval 32.941sec
[2026-04-22 18:58:51,505][utils.py][line:379][INFO] epoch 1, concept phase, loss 0.2023, train acc 0.9290, test acc given symbol 0.9491
[2026-04-22 18:58:51,506][utils.py][line:380][INFO] total time 68.112sec, IO 0.779sec, make batch 0.084sec, forward 1.757sec, backward 0.320sec, grad step 0.068sec, others stat 1.752sec, eval 31.594sec
